// Jest Snapshot v1, https://goo.gl/fbAQLP

exports[`check if cli works end to end 1`] = `
"export default \`
	.osb-nav-overlay {
		z-index: 0;

		transition: opacity 1s $navBezier;
		transition: yolo 3s ballin;
	}
\`
 ============================

"
`;
